This is XeTeX, Version 3.141592653-2.6-0.999997 (MiKTeX 25.12) (preloaded format=xelatex 2026.9.18)  18 SEP 2026 14:27
entering extended mode
 restricted \write18 enabled.
 %&-line parsing enabled.
**./bus_management_system_srs.tex
(bus_management_system_srs.tex
LaTeX2e <2025-11-01>
L3 programming layer <2025-12-24>
(C:\Users\USER\AppData\Local\Programs\MiKTeX\tex/latex/base\article.cls
Document Class: article 2025/01/22 v1.4n Standard LaTeX document class
(C:\Users\USER\AppData\Local\Programs\MiKTeX\tex/latex/base\size11.clo
File: size11.clo 2025/01/22 v1.4n Standard LaTeX file (size option)
)
\c@part=\count271
\c@section=\count272
\c@subsection=\count273
\c@subsubsection=\count274
\c@paragraph=\count275
\c@subparagraph=\count276
\c@figure=\count277
\c@table=\count278
\abovecaptionskip=\skip49
\belowcaptionskip=\skip50
\bibindent=\dimen148
)
(C:\Users\USER\AppData\Local\Programs\MiKTeX\tex/latex/geometry\geometry.sty
Package: geometry 2026/03/07 v6.0 Page Geometry

(C:\Users\USER\AppData\Local\Programs\MiKTeX\tex/latex/graphics\keyval.sty
Package: keyval 2022/05/29 v1.15 key=value parser (DPC)
\KV@toks@=\toks17
)
(C:\Users\USER\AppData\Local\Programs\MiKTeX\tex/generic/iftex\ifvtex.sty
Package: ifvtex 2019/10/25 v1.7 ifvtex legacy package. Use iftex instead.

(C:\Users\USER\AppData\Local\Programs\MiKTeX\tex/generic/iftex\iftex.sty
Package: iftex 2024/12/12 v1.0g TeX engine tests
))
\Gm@cnth=\count279
\Gm@cntv=\count280
\c@Gm@tempcnt=\count281
\Gm@bindingoffset=\dimen149
\Gm@wd@mp=\dimen150
\Gm@odd@mp=\dimen151
\Gm@even@mp=\dimen152
\Gm@layoutwidth=\dimen153
\Gm@layoutheight=\dimen154
\Gm@layouthoffset=\dimen155
\Gm@layoutvoffset=\dimen156
\Gm@dimlist=\toks18

(C:\Users\USER\AppData\Local\Programs\MiKTeX\tex/latex/geometry\geometry.cfg))
(C:\Users\USER\AppData\Local\Programs\MiKTeX\tex/latex/fontspec\fontspec.sty
(C:\Users\USER\AppData\Local\Programs\MiKTeX\tex/latex/l3packages/xparse\xparse
.sty (C:\Users\USER\AppData\Local\Programs\MiKTeX\tex/latex/l3kernel\expl3.sty
Package: expl3 2025-12-24 L3 programming layer (loader) 

(C:\Users\USER\AppData\Local\Programs\MiKTeX\tex/latex/l3backend\l3backend-xete
x.def
File: l3backend-xetex.def 2025-10-09 L3 backend support: XeTeX
\g__graphics_track_int=\count282
\g__pdfannot_backend_int=\count283
\g__pdfannot_backend_link_int=\count284
))
Package: xparse 2025-10-09 L3 Experimental document command parser
)
Package: fontspec 2025/09/29 v2.9g Font selection for XeLaTeX and LuaLaTeX

(C:\Users\USER\AppData\Local\Programs\MiKTeX\tex/latex/fontspec\fontspec-xetex.
sty
Package: fontspec-xetex 2025/09/29 v2.9g Font selection for XeLaTeX and LuaLaTe
X
\l__fontspec_script_int=\count285
\l__fontspec_language_int=\count286
\l__fontspec_strnum_int=\count287
\l__fontspec_tmp_int=\count288
\l__fontspec_tmpa_int=\count289
\l__fontspec_tmpb_int=\count290
\l__fontspec_tmpc_int=\count291
\l__fontspec_em_int=\count292
\l__fontspec_emdef_int=\count293
\l__fontspec_strong_int=\count294
\l__fontspec_strongdef_int=\count295
\l__fontspec_tmpa_dim=\dimen157
\l__fontspec_tmpb_dim=\dimen158
\l__fontspec_tmpc_dim=\dimen159
 (C:\Users\USER\AppData\Local\Programs\MiKTeX\tex/latex/base\fontenc.sty
Package: fontenc 2025/07/18 v2.1d Standard LaTeX package
)
(C:\Users\USER\AppData\Local\Programs\MiKTeX\tex/latex/fontspec\fontspec.cfg)))
(C:\Users\USER\AppData\Local\Programs\MiKTeX\tex/generic/babel\babel.sty
Package: babel 2025/12/11 v25.17 The multilingual framework for LuaLaTeX, pdfLa
TeX and XeLaTeX
\babel@savecnt=\count296
LaTeX Encoding Info:    Redeclaring text command \ij (encoding OT1) on input li
ne 2068.
LaTeX Encoding Info:    Redeclaring text command \IJ (encoding OT1) on input li
ne 2070.
LaTeX Encoding Info:    Redeclaring text command \ij (encoding T1) on input lin
e 2072.
LaTeX Encoding Info:    Redeclaring text command \IJ (encoding T1) on input lin
e 2073.
LaTeX Encoding Info:    Ignoring declaration for text command \ij (encoding ?) 
on input line 2074.
LaTeX Encoding Info:    Ignoring declaration for text command \IJ (encoding ?) 
on input line 2076.
LaTeX Encoding Info:    Ignoring declaration for text command \SS (encoding ?) 
on input line 2101.
\U@D=\dimen160
\l@unhyphenated=\language79

(C:\Users\USER\AppData\Local\Programs\MiKTeX\tex/generic/babel\xebabel.def)
\bbl@readstream=\read2

(C:\Users\USER\AppData\Local\Programs\MiKTeX\tex/generic/babel\errbabel.def)

! Package babel Error: The bidi method 'basic' is available only in
(babel)                luatex. I'll continue with 'bidi=default', so
(babel)                expect wrong results.
(babel)                Suggested actions:
(babel)                * If possible, switch to luatex, as xetex is not
(babel)                recommend anymore.
(babel)                 * If you can’t, try 'bidi=bidi' with xetex.
(babel)                * With pdftex, only 'bidi=default' is available..

See the babel package documentation for explanation.
Type  H <return>  for immediate help.
 ...                                              
                                                  
l.3970     \bbl@error{bidi-only-lua}{}{}{}
                                          %
See the manual for further details.

\bbl@dirlevel=\count297
Package babel Info: Configuration files are deprecated, as
(babel)             they can break document portability.
(babel)             Reported on input line 4196.
*************************************
* Local config file bblopts.cfg used
*
(C:\Users\USER\AppData\Local\Programs\MiKTeX\tex/latex/arabi\bblopts.cfg
File: bblopts.cfg 2005/09/08 v0.1 add Arabic and Farsi to "declared" options of
 babel
)
(C:\Users\USER\AppData\Local\Programs\MiKTeX\tex/generic/babel/locale/en\babel-
english.tex)
Package babel Info: Importing data for english
(babel)             from babel-en.ini. Reported on input line 4320.
)

! Package fontspec Error: 
(fontspec)                The font "Noto Sans" cannot be found; this may be
(fontspec)                but usually is not a fontspec bug. Either there is
(fontspec)                a typo in the font name/file, the font is not
(fontspec)                installed (correctly), or there is a bug in the
(fontspec)                underlying font loading engine (XeTeX/luaotfload).

For immediate help type H <return>.
 ...                                              
                                                  
l.6 \usepackage
               {amsmath}

A font might not be found for many reasons.
 Check the spelling, where the font is installed etc. etc.

 When in doubt, ask someone for help!



Package fontspec Info: 
(fontspec)             Script 'Latin' not explicitly supported within font
(fontspec)             'Noto Sans'. Check the typeset output, and if it is
(fontspec)             okay then ignore this warning. Otherwise a different
(fontspec)             font should be chosen.

! Cannot use \XeTeXOTcountlanguages with nullfont; not an OpenType Layout font.
<argument> ...eXOTcountlanguages \l_fontspec_font 
                                                  \l__fontspec_script_int 
l.6 \usepackage
               {amsmath}

! Missing number, treated as zero.
<to be read again> 
                   \__int_eval_end: 
l.6 \usepackage
               {amsmath}
A number should have been here; I inserted `0'.
(If you can't figure out why I needed to see a number,
look up `weird error' in the index to The TeXbook.)

! Cannot use \XeTeXOTlanguagetag with nullfont; not an OpenType Layout font.
<argument> \XeTeXOTlanguagetag \l_fontspec_font 
                                                \l__fontspec_script_int \l__...
l.6 \usepackage
               {amsmath}

! Cannot use \XeTeXOTlanguagetag with nullfont; not an OpenType Layout font.
<argument> \XeTeXOTlanguagetag \l_fontspec_font 
                                                \l__fontspec_script_int \l__...
l.6 \usepackage
               {amsmath}

! Cannot use \XeTeXOTlanguagetag with nullfont; not an OpenType Layout font.
<argument> \XeTeXOTlanguagetag \l_fontspec_font 
                                                \l__fontspec_script_int \l__...
l.6 \usepackage
               {amsmath}

! Cannot use \XeTeXOTlanguagetag with nullfont; not an OpenType Layout font.
<argument> \XeTeXOTlanguagetag \l_fontspec_font 
                                                \l__fontspec_script_int \l__...
l.6 \usepackage
               {amsmath}

! Cannot use \XeTeXOTlanguagetag with nullfont; not an OpenType Layout font.
<argument> \XeTeXOTlanguagetag \l_fontspec_font 
                                                \l__fontspec_script_int \l__...
l.6 \usepackage
               {amsmath}

! Cannot use \XeTeXOTlanguagetag with nullfont; not an OpenType Layout font.
<argument> \XeTeXOTlanguagetag \l_fontspec_font 
                                                \l__fontspec_script_int \l__...
l.6 \usepackage
               {amsmath}

! Cannot use \XeTeXOTlanguagetag with nullfont; not an OpenType Layout font.
<argument> \XeTeXOTlanguagetag \l_fontspec_font 
                                                \l__fontspec_script_int \l__...
l.6 \usepackage
               {amsmath}

! Cannot use \XeTeXOTlanguagetag with nullfont; not an OpenType Layout font.
<argument> \XeTeXOTlanguagetag \l_fontspec_font 
                                                \l__fontspec_script_int \l__...
l.6 \usepackage
               {amsmath}

! Cannot use \XeTeXOTlanguagetag with nullfont; not an OpenType Layout font.
<argument> \XeTeXOTlanguagetag \l_fontspec_font 
                                                \l__fontspec_script_int \l__...
l.6 \usepackage
               {amsmath}

! Cannot use \XeTeXOTlanguagetag with nullfont; not an OpenType Layout font.
<argument> \XeTeXOTlanguagetag \l_fontspec_font 
                                                \l__fontspec_script_int \l__...
l.6 \usepackage
               {amsmath}

! Cannot use \XeTeXOTlanguagetag with nullfont; not an OpenType Layout font.
<argument> \XeTeXOTlanguagetag \l_fontspec_font 
                                                \l__fontspec_script_int \l__...
l.6 \usepackage
               {amsmath}

! Cannot use \XeTeXOTlanguagetag with nullfont; not an OpenType Layout font.
<argument> \XeTeXOTlanguagetag \l_fontspec_font 
                                                \l__fontspec_script_int \l__...
l.6 \usepackage
               {amsmath}

! Cannot use \XeTeXOTlanguagetag with nullfont; not an OpenType Layout font.
<argument> \XeTeXOTlanguagetag \l_fontspec_font 
                                                \l__fontspec_script_int \l__...
l.6 \usepackage
               {amsmath}

! Cannot use \XeTeXOTlanguagetag with nullfont; not an OpenType Layout font.
<argument> \XeTeXOTlanguagetag \l_fontspec_font 
                                                \l__fontspec_script_int \l__...
l.6 \usepackage
               {amsmath}

! Cannot use \XeTeXOTlanguagetag with nullfont; not an OpenType Layout font.
<argument> \XeTeXOTlanguagetag \l_fontspec_font 
                                                \l__fontspec_script_int \l__...
l.6 \usepackage
               {amsmath}

! Cannot use \XeTeXOTlanguagetag with nullfont; not an OpenType Layout font.
<argument> \XeTeXOTlanguagetag \l_fontspec_font 
                                                \l__fontspec_script_int \l__...
l.6 \usepackage
               {amsmath}

! Cannot use \XeTeXOTlanguagetag with nullfont; not an OpenType Layout font.
<argument> \XeTeXOTlanguagetag \l_fontspec_font 
                                                \l__fontspec_script_int \l__...
l.6 \usepackage
               {amsmath}

! Cannot use \XeTeXOTlanguagetag with nullfont; not an OpenType Layout font.
<argument> \XeTeXOTlanguagetag \l_fontspec_font 
                                                \l__fontspec_script_int \l__...
l.6 \usepackage
               {amsmath}

! Cannot use \XeTeXOTlanguagetag with nullfont; not an OpenType Layout font.
<argument> \XeTeXOTlanguagetag \l_fontspec_font 
                                                \l__fontspec_script_int \l__...
l.6 \usepackage
               {amsmath}

! Cannot use \XeTeXOTlanguagetag with nullfont; not an OpenType Layout font.
<argument> \XeTeXOTlanguagetag \l_fontspec_font 
                                                \l__fontspec_script_int \l__...
l.6 \usepackage
               {amsmath}

! Cannot use \XeTeXOTlanguagetag with nullfont; not an OpenType Layout font.
<argument> \XeTeXOTlanguagetag \l_fontspec_font 
                                                \l__fontspec_script_int \l__...
l.6 \usepackage
               {amsmath}

! Cannot use \XeTeXOTlanguagetag with nullfont; not an OpenType Layout font.
<argument> \XeTeXOTlanguagetag \l_fontspec_font 
                                                \l__fontspec_script_int \l__...
l.6 \usepackage
               {amsmath}

! Cannot use \XeTeXOTlanguagetag with nullfont; not an OpenType Layout font.
<argument> \XeTeXOTlanguagetag \l_fontspec_font 
                                                \l__fontspec_script_int \l__...
l.6 \usepackage
               {amsmath}

! Cannot use \XeTeXOTlanguagetag with nullfont; not an OpenType Layout font.
<argument> \XeTeXOTlanguagetag \l_fontspec_font 
                                                \l__fontspec_script_int \l__...
l.6 \usepackage
               {amsmath}

! Cannot use \XeTeXOTlanguagetag with nullfont; not an OpenType Layout font.
<argument> \XeTeXOTlanguagetag \l_fontspec_font 
                                                \l__fontspec_script_int \l__...
l.6 \usepackage
               {amsmath}

! Cannot use \XeTeXOTlanguagetag with nullfont; not an OpenType Layout font.
<argument> \XeTeXOTlanguagetag \l_fontspec_font 
                                                \l__fontspec_script_int \l__...
l.6 \usepackage
               {amsmath}

! Cannot use \XeTeXOTlanguagetag with nullfont; not an OpenType Layout font.
<argument> \XeTeXOTlanguagetag \l_fontspec_font 
                                                \l__fontspec_script_int \l__...
l.6 \usepackage
               {amsmath}

! Cannot use \XeTeXOTlanguagetag with nullfont; not an OpenType Layout font.
<argument> \XeTeXOTlanguagetag \l_fontspec_font 
                                                \l__fontspec_script_int \l__...
l.6 \usepackage
               {amsmath}

! Cannot use \XeTeXOTlanguagetag with nullfont; not an OpenType Layout font.
<argument> \XeTeXOTlanguagetag \l_fontspec_font 
                                                \l__fontspec_script_int \l__...
l.6 \usepackage
               {amsmath}

! Cannot use \XeTeXOTlanguagetag with nullfont; not an OpenType Layout font.
<argument> \XeTeXOTlanguagetag \l_fontspec_font 
                                                \l__fontspec_script_int \l__...
l.6 \usepackage
               {amsmath}

! Cannot use \XeTeXOTlanguagetag with nullfont; not an OpenType Layout font.
<argument> \XeTeXOTlanguagetag \l_fontspec_font 
                                                \l__fontspec_script_int \l__...
l.6 \usepackage
               {amsmath}

! Cannot use \XeTeXOTlanguagetag with nullfont; not an OpenType Layout font.
<argument> \XeTeXOTlanguagetag \l_fontspec_font 
                                                \l__fontspec_script_int \l__...
l.6 \usepackage
               {amsmath}

! Cannot use \XeTeXOTlanguagetag with nullfont; not an OpenType Layout font.
<argument> \XeTeXOTlanguagetag \l_fontspec_font 
                                                \l__fontspec_script_int \l__...
l.6 \usepackage
               {amsmath}

! Cannot use \XeTeXOTlanguagetag with nullfont; not an OpenType Layout font.
<argument> \XeTeXOTlanguagetag \l_fontspec_font 
                                                \l__fontspec_script_int \l__...
l.6 \usepackage
               {amsmath}

! Cannot use \XeTeXOTlanguagetag with nullfont; not an OpenType Layout font.
<argument> \XeTeXOTlanguagetag \l_fontspec_font 
                                                \l__fontspec_script_int \l__...
l.6 \usepackage
               {amsmath}

! Cannot use \XeTeXOTlanguagetag with nullfont; not an OpenType Layout font.
<argument> \XeTeXOTlanguagetag \l_fontspec_font 
                                                \l__fontspec_script_int \l__...
l.6 \usepackage
               {amsmath}

! Cannot use \XeTeXOTlanguagetag with nullfont; not an OpenType Layout font.
<argument> \XeTeXOTlanguagetag \l_fontspec_font 
                                                \l__fontspec_script_int \l__...
l.6 \usepackage
               {amsmath}

! Cannot use \XeTeXOTlanguagetag with nullfont; not an OpenType Layout font.
<argument> \XeTeXOTlanguagetag \l_fontspec_font 
                                                \l__fontspec_script_int \l__...
l.6 \usepackage
               {amsmath}

! Cannot use \XeTeXOTlanguagetag with nullfont; not an OpenType Layout font.
<argument> \XeTeXOTlanguagetag \l_fontspec_font 
                                                \l__fontspec_script_int \l__...
l.6 \usepackage
               {amsmath}

! Cannot use \XeTeXOTlanguagetag with nullfont; not an OpenType Layout font.
<argument> \XeTeXOTlanguagetag \l_fontspec_font 
                                                \l__fontspec_script_int \l__...
l.6 \usepackage
               {amsmath}

! Cannot use \XeTeXOTlanguagetag with nullfont; not an OpenType Layout font.
<argument> \XeTeXOTlanguagetag \l_fontspec_font 
                                                \l__fontspec_script_int \l__...
l.6 \usepackage
               {amsmath}

! Cannot use \XeTeXOTlanguagetag with nullfont; not an OpenType Layout font.
<argument> \XeTeXOTlanguagetag \l_fontspec_font 
                                                \l__fontspec_script_int \l__...
l.6 \usepackage
               {amsmath}

! Cannot use \XeTeXOTlanguagetag with nullfont; not an OpenType Layout font.
<argument> \XeTeXOTlanguagetag \l_fontspec_font 
                                                \l__fontspec_script_int \l__...
l.6 \usepackage
               {amsmath}

! Cannot use \XeTeXOTlanguagetag with nullfont; not an OpenType Layout font.
<argument> \XeTeXOTlanguagetag \l_fontspec_font 
                                                \l__fontspec_script_int \l__...
l.6 \usepackage
               {amsmath}

! Cannot use \XeTeXOTlanguagetag with nullfont; not an OpenType Layout font.
<argument> \XeTeXOTlanguagetag \l_fontspec_font 
                                                \l__fontspec_script_int \l__...
l.6 \usepackage
               {amsmath}

! Cannot use \XeTeXOTlanguagetag with nullfont; not an OpenType Layout font.
<argument> \XeTeXOTlanguagetag \l_fontspec_font 
                                                \l__fontspec_script_int \l__...
l.6 \usepackage
               {amsmath}

! Cannot use \XeTeXOTlanguagetag with nullfont; not an OpenType Layout font.
<argument> \XeTeXOTlanguagetag \l_fontspec_font 
                                                \l__fontspec_script_int \l__...
l.6 \usepackage
               {amsmath}

! Cannot use \XeTeXOTlanguagetag with nullfont; not an OpenType Layout font.
<argument> \XeTeXOTlanguagetag \l_fontspec_font 
                                                \l__fontspec_script_int \l__...
l.6 \usepackage
               {amsmath}

! Cannot use \XeTeXOTlanguagetag with nullfont; not an OpenType Layout font.
<argument> \XeTeXOTlanguagetag \l_fontspec_font 
                                                \l__fontspec_script_int \l__...
l.6 \usepackage
               {amsmath}

! Cannot use \XeTeXOTlanguagetag with nullfont; not an OpenType Layout font.
<argument> \XeTeXOTlanguagetag \l_fontspec_font 
                                                \l__fontspec_script_int \l__...
l.6 \usepackage
               {amsmath}

! Cannot use \XeTeXOTlanguagetag with nullfont; not an OpenType Layout font.
<argument> \XeTeXOTlanguagetag \l_fontspec_font 
                                                \l__fontspec_script_int \l__...
l.6 \usepackage
               {amsmath}

! Cannot use \XeTeXOTlanguagetag with nullfont; not an OpenType Layout font.
<argument> \XeTeXOTlanguagetag \l_fontspec_font 
                                                \l__fontspec_script_int \l__...
l.6 \usepackage
               {amsmath}

! Cannot use \XeTeXOTlanguagetag with nullfont; not an OpenType Layout font.
<argument> \XeTeXOTlanguagetag \l_fontspec_font 
                                                \l__fontspec_script_int \l__...
l.6 \usepackage
               {amsmath}

! Cannot use \XeTeXOTlanguagetag with nullfont; not an OpenType Layout font.
<argument> \XeTeXOTlanguagetag \l_fontspec_font 
                                                \l__fontspec_script_int \l__...
l.6 \usepackage
               {amsmath}

! Cannot use \XeTeXOTlanguagetag with nullfont; not an OpenType Layout font.
<argument> \XeTeXOTlanguagetag \l_fontspec_font 
                                                \l__fontspec_script_int \l__...
l.6 \usepackage
               {amsmath}

! Cannot use \XeTeXOTlanguagetag with nullfont; not an OpenType Layout font.
<argument> \XeTeXOTlanguagetag \l_fontspec_font 
                                                \l__fontspec_script_int \l__...
l.6 \usepackage
               {amsmath}

! Cannot use \XeTeXOTlanguagetag with nullfont; not an OpenType Layout font.
<argument> \XeTeXOTlanguagetag \l_fontspec_font 
                                                \l__fontspec_script_int \l__...
l.6 \usepackage
               {amsmath}

! Cannot use \XeTeXOTlanguagetag with nullfont; not an OpenType Layout font.
<argument> \XeTeXOTlanguagetag \l_fontspec_font 
                                                \l__fontspec_script_int \l__...
l.6 \usepackage
               {amsmath}

! Cannot use \XeTeXOTlanguagetag with nullfont; not an OpenType Layout font.
<argument> \XeTeXOTlanguagetag \l_fontspec_font 
                                                \l__fontspec_script_int \l__...
l.6 \usepackage
               {amsmath}

! Cannot use \XeTeXOTlanguagetag with nullfont; not an OpenType Layout font.
<argument> \XeTeXOTlanguagetag \l_fontspec_font 
                                                \l__fontspec_script_int \l__...
l.6 \usepackage
               {amsmath}

! Cannot use \XeTeXOTlanguagetag with nullfont; not an OpenType Layout font.
<argument> \XeTeXOTlanguagetag \l_fontspec_font 
                                                \l__fontspec_script_int \l__...
l.6 \usepackage
               {amsmath}

! Cannot use \XeTeXOTlanguagetag with nullfont; not an OpenType Layout font.
<argument> \XeTeXOTlanguagetag \l_fontspec_font 
                                                \l__fontspec_script_int \l__...
l.6 \usepackage
               {amsmath}

! Cannot use \XeTeXOTlanguagetag with nullfont; not an OpenType Layout font.
<argument> \XeTeXOTlanguagetag \l_fontspec_font 
                                                \l__fontspec_script_int \l__...
l.6 \usepackage
               {amsmath}

! Cannot use \XeTeXOTlanguagetag with nullfont; not an OpenType Layout font.
<argument> \XeTeXOTlanguagetag \l_fontspec_font 
                                                \l__fontspec_script_int \l__...
l.6 \usepackage
               {amsmath}

! Cannot use \XeTeXOTlanguagetag with nullfont; not an OpenType Layout font.
<argument> \XeTeXOTlanguagetag \l_fontspec_font 
                                                \l__fontspec_script_int \l__...
l.6 \usepackage
               {amsmath}

! Cannot use \XeTeXOTlanguagetag with nullfont; not an OpenType Layout font.
<argument> \XeTeXOTlanguagetag \l_fontspec_font 
                                                \l__fontspec_script_int \l__...
l.6 \usepackage
               {amsmath}

! Cannot use \XeTeXOTlanguagetag with nullfont; not an OpenType Layout font.
<argument> \XeTeXOTlanguagetag \l_fontspec_font 
                                                \l__fontspec_script_int \l__...
l.6 \usepackage
               {amsmath}

! Cannot use \XeTeXOTlanguagetag with nullfont; not an OpenType Layout font.
<argument> \XeTeXOTlanguagetag \l_fontspec_font 
                                                \l__fontspec_script_int \l__...
l.6 \usepackage
               {amsmath}

! Cannot use \XeTeXOTlanguagetag with nullfont; not an OpenType Layout font.
<argument> \XeTeXOTlanguagetag \l_fontspec_font 
                                                \l__fontspec_script_int \l__...
l.6 \usepackage
               {amsmath}

! Cannot use \XeTeXOTlanguagetag with nullfont; not an OpenType Layout font.
<argument> \XeTeXOTlanguagetag \l_fontspec_font 
                                                \l__fontspec_script_int \l__...
l.6 \usepackage
               {amsmath}

! Cannot use \XeTeXOTlanguagetag with nullfont; not an OpenType Layout font.
<argument> \XeTeXOTlanguagetag \l_fontspec_font 
                                                \l__fontspec_script_int \l__...
l.6 \usepackage
               {amsmath}

! Cannot use \XeTeXOTlanguagetag with nullfont; not an OpenType Layout font.
<argument> \XeTeXOTlanguagetag \l_fontspec_font 
                                                \l__fontspec_script_int \l__...
l.6 \usepackage
               {amsmath}

! Cannot use \XeTeXOTlanguagetag with nullfont; not an OpenType Layout font.
<argument> \XeTeXOTlanguagetag \l_fontspec_font 
                                                \l__fontspec_script_int \l__...
l.6 \usepackage
               {amsmath}

! Cannot use \XeTeXOTlanguagetag with nullfont; not an OpenType Layout font.
<argument> \XeTeXOTlanguagetag \l_fontspec_font 
                                                \l__fontspec_script_int \l__...
l.6 \usepackage
               {amsmath}

! Cannot use \XeTeXOTlanguagetag with nullfont; not an OpenType Layout font.
<argument> \XeTeXOTlanguagetag \l_fontspec_font 
                                                \l__fontspec_script_int \l__...
l.6 \usepackage
               {amsmath}

! Cannot use \XeTeXOTlanguagetag with nullfont; not an OpenType Layout font.
<argument> \XeTeXOTlanguagetag \l_fontspec_font 
                                                \l__fontspec_script_int \l__...
l.6 \usepackage
               {amsmath}

! Cannot use \XeTeXOTlanguagetag with nullfont; not an OpenType Layout font.
<argument> \XeTeXOTlanguagetag \l_fontspec_font 
                                                \l__fontspec_script_int \l__...
l.6 \usepackage
               {amsmath}

! Cannot use \XeTeXOTlanguagetag with nullfont; not an OpenType Layout font.
<argument> \XeTeXOTlanguagetag \l_fontspec_font 
                                                \l__fontspec_script_int \l__...
l.6 \usepackage
               {amsmath}

! Cannot use \XeTeXOTlanguagetag with nullfont; not an OpenType Layout font.
<argument> \XeTeXOTlanguagetag \l_fontspec_font 
                                                \l__fontspec_script_int \l__...
l.6 \usepackage
               {amsmath}

! Cannot use \XeTeXOTlanguagetag with nullfont; not an OpenType Layout font.
<argument> \XeTeXOTlanguagetag \l_fontspec_font 
                                                \l__fontspec_script_int \l__...
l.6 \usepackage
               {amsmath}

! Cannot use \XeTeXOTlanguagetag with nullfont; not an OpenType Layout font.
<argument> \XeTeXOTlanguagetag \l_fontspec_font 
                                                \l__fontspec_script_int \l__...
l.6 \usepackage
               {amsmath}

! Cannot use \XeTeXOTlanguagetag with nullfont; not an OpenType Layout font.
<argument> \XeTeXOTlanguagetag \l_fontspec_font 
                                                \l__fontspec_script_int \l__...
l.6 \usepackage
               {amsmath}

! Cannot use \XeTeXOTlanguagetag with nullfont; not an OpenType Layout font.
<argument> \XeTeXOTlanguagetag \l_fontspec_font 
                                                \l__fontspec_script_int \l__...
l.6 \usepackage
               {amsmath}

! Cannot use \XeTeXOTlanguagetag with nullfont; not an OpenType Layout font.
<argument> \XeTeXOTlanguagetag \l_fontspec_font 
                                                \l__fontspec_script_int \l__...
l.6 \usepackage
               {amsmath}

! Cannot use \XeTeXOTlanguagetag with nullfont; not an OpenType Layout font.
<argument> \XeTeXOTlanguagetag \l_fontspec_font 
                                                \l__fontspec_script_int \l__...
l.6 \usepackage
               {amsmath}

! Cannot use \XeTeXOTlanguagetag with nullfont; not an OpenType Layout font.
<argument> \XeTeXOTlanguagetag \l_fontspec_font 
                                                \l__fontspec_script_int \l__...
l.6 \usepackage
               {amsmath}

! Cannot use \XeTeXOTlanguagetag with nullfont; not an OpenType Layout font.
<argument> \XeTeXOTlanguagetag \l_fontspec_font 
                                                \l__fontspec_script_int \l__...
l.6 \usepackage
               {amsmath}

! Cannot use \XeTeXOTlanguagetag with nullfont; not an OpenType Layout font.
<argument> \XeTeXOTlanguagetag \l_fontspec_font 
                                                \l__fontspec_script_int \l__...
l.6 \usepackage
               {amsmath}

! Cannot use \XeTeXOTlanguagetag with nullfont; not an OpenType Layout font.
<argument> \XeTeXOTlanguagetag \l_fontspec_font 
                                                \l__fontspec_script_int \l__...
l.6 \usepackage
               {amsmath}

! Cannot use \XeTeXOTlanguagetag with nullfont; not an OpenType Layout font.
<argument> \XeTeXOTlanguagetag \l_fontspec_font 
                                                \l__fontspec_script_int \l__...
l.6 \usepackage
               {amsmath}

! Cannot use \XeTeXOTlanguagetag with nullfont; not an OpenType Layout font.
<argument> \XeTeXOTlanguagetag \l_fontspec_font 
                                                \l__fontspec_script_int \l__...
l.6 \usepackage
               {amsmath}

! Cannot use \XeTeXOTlanguagetag with nullfont; not an OpenType Layout font.
<argument> \XeTeXOTlanguagetag \l_fontspec_font 
                                                \l__fontspec_script_int \l__...
l.6 \usepackage
               {amsmath}

! Cannot use \XeTeXOTlanguagetag with nullfont; not an OpenType Layout font.
<argument> \XeTeXOTlanguagetag \l_fontspec_font 
                                                \l__fontspec_script_int \l__...
l.6 \usepackage
               {amsmath}

! Cannot use \XeTeXOTlanguagetag with nullfont; not an OpenType Layout font.
<argument> \XeTeXOTlanguagetag \l_fontspec_font 
                                                \l__fontspec_script_int \l__...
l.6 \usepackage
               {amsmath}

! Cannot use \XeTeXOTlanguagetag with nullfont; not an OpenType Layout font.
<argument> \XeTeXOTlanguagetag \l_fontspec_font 
                                                \l__fontspec_script_int \l__...
l.6 \usepackage
               {amsmath}

! Cannot use \XeTeXOTlanguagetag with nullfont; not an OpenType Layout font.
<argument> \XeTeXOTlanguagetag \l_fontspec_font 
                                                \l__fontspec_script_int \l__...
l.6 \usepackage
               {amsmath}
(That makes 100 errors; please try again.) 
Here is how much of TeX's memory you used:
 4628 strings out of 402987
 125939 string characters out of 5448731
 592988 words of memory out of 5000000
 33360 multiletter control sequences out of 15000+600000
 627737 words of font info for 42 fonts, out of 8000000 for 9000
 1348 hyphenation exceptions out of 8191
 73i,0n,77p,299b,316s stack positions out of 10000i,1000n,20000p,200000b,200000s

No pages of output.
